[www.uxpert.com/index.html]
[backblue.gif]
[fade.gif]
[index.html]
[www.uxpert.com/wp-content/cache/min/1/wp-content/themes/uxpert/styledc96.css]
[www.uxpert.com/xmlrpc.php]
[www.uxpert.com/wp-content/plugins/loftloader-pro/assets/css/loftloader.min3195.css]
[www.uxpert.com/wp-includes/css/dist/block-library/style.min32d4.css]
[www.uxpert.com/wp-content/cache/min/1/wp-content/plugins/contact-form-7/includes/css/stylesdc96.css]
[www.uxpert.com/wp-content/plugins/wp-ulike/assets/css/wp-ulike.min4f4a.css]
[www.uxpert.com/wp-content/plugins/add-to-any/addtoany.mind47c.css]
[www.uxpert.com/wp-content/cache/min/1/wp-content/plugins/sitepress-multilingual-cms/res/js/cookies/language-cookiedc96.js]
[www.uxpert.com/wp-content/cache/min/1/wp-content/themes/uxpert/js/jquery-1.9.1dc96.js]
[www.uxpert.com/wp-content/plugins/add-to-any/addtoany.min4963.js]
[www.uxpert.com/wp-json/wp/v2/pages/2.json]
[www.uxpert.com/xmlrpc0db0.php]
[www.uxpert.com/wp-json/index.html]
[www.uxpert.com/wp-json/oembed/1.0/embed1a16.json]
[www.uxpert.com/wp-json/oembed/1.0/embedb4c0]
[www.uxpert.com/wp-content/themes/uxpert/favicon/manifest.json]
[www.uxpert.com/wp-content/uploads/2020/05/Group_8.svg]
[www.uxpert.com/about.html]
[www.uxpert.com/work.html]
[www.uxpert.com/blog.html]
[www.uxpert.com/join.html]
[www.uxpert.com/contact.html]
[www.uxpert.com/wp-content/uploads/2020/05/facebook.svg]
[www.uxpert.com/wp-content/uploads/2020/06/facebook_copy.svg]
[www.uxpert.com/wp-content/uploads/2020/07/instgram.svg]
[www.uxpert.com/wp-content/uploads/2020/07/hover.svg]
[www.uxpert.com/wp-content/uploads/2020/05/Combined_shape_275.svg]
[www.uxpert.com/wp-content/uploads/2020/06/Combined_shape_275_Copy.svg]
[www.uxpert.com/transparent]
[www.uxpert.com/wp-content/uploads/2020/08/Uxpert-Showreel-WEB.m4v]
[www.uxpert.com/wp-content/uploads/2020/08/Research-and-Strategy.svg]
[www.uxpert.com/wp-content/uploads/2020/08/User-Experience-Design.svg]
[www.uxpert.com/wp-content/uploads/2020/08/visual-design.svg]
[www.uxpert.com/wp-content/uploads/2020/08/usability-testing.svg]
[www.uxpert.com/work/pizza-online.html]
[www.uxpert.com/work/b2b/sealights-quality-intelligence.html]
[www.uxpert.com/work/pango.html]
[www.uxpert.com/work/nayax-core.html]
[www.uxpert.com/work/apps/isr-app.html]
[www.uxpert.com/wp-content/uploads/2024/02/pango-3.svg]
[www.uxpert.com/wp-content/uploads/2020/07/דומינוס.svg]
[www.uxpert.com/wp-content/uploads/2020/07/הבינלאומי.svg]
[www.uxpert.com/wp-content/uploads/2024/02/clal-2.svg]
[www.uxpert.com/wp-content/uploads/2020/05/בנק-לאומי.svg]
[www.uxpert.com/wp-content/uploads/2024/02/champion-motors-1.svg]
[www.uxpert.com/wp-content/uploads/2020/07/הרץ.svg]
[www.uxpert.com/wp-content/uploads/2020/07/רשת.svg]
[www.uxpert.com/wp-content/uploads/2024/02/bituah-yashir-1.svg]
[www.uxpert.com/wp-content/uploads/2020/07/רכבת.svg]
[www.uxpert.com/wp-content/uploads/2024/02/Phillharmonit-eng-2.svg]
[www.uxpert.com/wp-content/uploads/2024/02/superpharm-1.svg]
[www.uxpert.com/wp-content/uploads/2024/02/ima-1.svg]
[www.uxpert.com/wp-content/uploads/2020/08/max.svg]
[www.uxpert.com/wp-content/uploads/2020/07/לאומית.svg]
[www.uxpert.com/wp-content/uploads/2020/08/netapp.svg]
[www.uxpert.com/wp-content/uploads/2024/02/nayax-2.svg]
[www.uxpert.com/wp-content/uploads/2020/07/ripples.svg]
[www.uxpert.com/wp-content/uploads/2024/02/imperva.svg]
[www.uxpert.com/wp-content/uploads/2020/07/orbotech.svg]
[www.uxpert.com/wp-content/uploads/2024/02/sensos-1.svg]
[www.uxpert.com/wp-content/uploads/2024/02/rit-2.svg]
[www.uxpert.com/wp-content/uploads/2024/02/gigaspace-1.svg]
[www.uxpert.com/wp-content/uploads/2020/07/switchbee.svg]
[www.uxpert.com/wp-content/uploads/2024/02/one-city-1.svg]
[www.uxpert.com/wp-content/uploads/2020/07/continuity.svg]
[www.uxpert.com/wp-content/uploads/2020/07/bright-machines.svg]
[www.uxpert.com/wp-content/uploads/2020/07/game-effective.svg]
[www.uxpert.com/wp-content/uploads/2020/07/bird.svg]
[www.uxpert.com/wp-content/uploads/2020/07/personetics.svg]
[www.uxpert.com/wp-content/cache/min/1/wp-content/themes/uxpert/js/wowdc96.js]
[www.uxpert.com/wp-content/themes/uxpert/js/rellax.min.js]
[www.uxpert.com/wp-content/cache/min/1/ajax/libs/gsap/1.18.2/TweenMax.mindc96.js]
[www.uxpert.com/wp-content/cache/min/1/ajax/libs/jquery.imagesloaded/3.2.0/imagesloaded.pkgd.mindc96.js]
[www.uxpert.com/wp-content/cache/min/1/ajax/libs/ScrollMagic/2.0.7/ScrollMagic.mindc96.js]
[www.uxpert.com/wp-content/cache/min/1/ajax/libs/ScrollMagic/2.0.5/plugins/animation.gsapdc96.js]
[www.uxpert.com/wp-content/cache/min/1/ajax/libs/ScrollMagic/2.0.7/plugins/debug.addIndicators.minc98b.js]
[www.uxpert.com/wp-content/themes/uxpert/js/blazy.min.js]
[www.uxpert.com/wp-content/cache/min/1/wp-content/themes/uxpert/js/lottie-playerc98b.js]
[www.uxpert.com/wp-content/cache/min/1/wp-content/themes/uxpert/js/isotope.pkgdc98b.js]
[www.uxpert.com/wp-content/cache/min/1/wp-content/themes/uxpert/js/jquery.selectricc98b.js]
[www.uxpert.com/wp-content/cache/min/1/wp-content/themes/uxpert/js/selectricdc96.css]
[www.uxpert.com/wp-content/cache/min/1/wp-content/themes/uxpert/js/sticky-sidebarc98b.js]
[www.uxpert.com/wp-content/cache/min/1/wp-content/themes/uxpert/js/stickemc98b.js]
[www.uxpert.com/wp-content/cache/min/1/wp-content/themes/uxpert/js/animatedc96.css]
[www.uxpert.com/wp-content/themes/uxpert/js/slick.min.js]
[www.uxpert.com/wp-content/cache/min/1/wp-content/themes/uxpert/js/slickdc96.css]
[www.uxpert.com/wp-includes/js/dist/hooks.min4fdd.js]
[www.uxpert.com/wp-includes/js/dist/i18n.minc33c.js]
[www.uxpert.com/wp-content/cache/min/1/wp-content/plugins/contact-form-7/includes/swv/js/indexc98b.js]
[www.uxpert.com/wp-content/cache/min/1/wp-content/plugins/contact-form-7/includes/js/indexc98b.js]
[www.uxpert.com/wp-content/plugins/wp-ulike/assets/js/wp-ulike.min4f4a.js]
[www.uxpert.com/wp-content/plugins/loftloader-pro/assets/js/jquery.waitformedias.min3195.js]
[www.uxpert.com/wp-content/plugins/loftloader-pro/assets/js/loftloader.min3195.js]
[www.uxpert.com/wp-includes/js/dist/vendor/wp-polyfill.min2c7c.js]
[www.uxpert.com/wp-content/cache/min/1/wp-content/plugins/contact-form-7/modules/recaptcha/indexc98b.js]
[www.uxpert.com/index.html]
[www.uxpert.com/wp-content/themes/uxpert/fonts/BebasNeuePro-Bold/font.woff2]
[www.uxpert.com/wp-content/themes/uxpert/fonts/BebasNeuePro-Bold/font.woff]
[www.uxpert.com/wp-content/themes/uxpert/fonts/BebasNeuePro-Book/font.woff2]
[www.uxpert.com/wp-content/themes/uxpert/fonts/BebasNeuePro-Book/font.woff]
[www.uxpert.com/wp-content/themes/uxpert/fonts/almoni-tzar-light-aaa.woff2]
[www.uxpert.com/wp-content/themes/uxpert/fonts/almoni-tzar-light-aaa.woff]
[www.uxpert.com/wp-content/themes/uxpert/fonts/almoni-tzar-regular-aaa.woff2]
[www.uxpert.com/wp-content/themes/uxpert/fonts/almoni-tzar-regular-aaa.woff]
[www.uxpert.com/wp-content/themes/uxpert/fonts/almoni-tzar-bold-aaa.woff2]
[www.uxpert.com/wp-content/themes/uxpert/fonts/almoni-tzar-bold-aaa.woff]
[www.uxpert.com/wp-content/themes/uxpert/fonts/AlmoniDLAAA-Bold.woff2]
[www.uxpert.com/wp-content/themes/uxpert/fonts/AlmoniDLAAA-Bold.woff]
[www.uxpert.com/wp-content/themes/uxpert/fonts/AlmoniDLAAA-Light.woff2]
[www.uxpert.com/wp-content/themes/uxpert/fonts/AlmoniDLAAA-Light.woff]
[www.uxpert.com/wp-content/themes/uxpert/fonts/almoni-dl-aaa-400.eot]
[www.uxpert.com/wp-content/themes/uxpert/fonts/almoni-dl-aaa-400d41d.eot]
[www.uxpert.com/wp-content/themes/uxpert/fonts/almoni-dl-aaa-400.ttf]
[www.uxpert.com/wp-content/themes/uxpert/fonts/almoni-dl-aaa-400.woff]
[www.uxpert.com/wp-content/themes/uxpert/gfx/Shape_9.svg]
[www.uxpert.com/wp-content/themes/uxpert/gfx/post-nav.svg]
[www.uxpert.com/wp-content/themes/uxpert/gfx/icons_share.svg]
[www.uxpert.com/wp-content/themes/uxpert/gfx/sound-bg.svg]
[www.uxpert.com/wp-content/themes/uxpert/gfx/close.svg]
[www.uxpert.com/wp-content/themes/uxpert/gfx/play.svg]
[www.uxpert.com/wp-content/themes/uxpert/gfx/pause.svg]
[www.uxpert.com/wp-content/themes/uxpert/gfx/icons_shape.svg]
[www.uxpert.com/wp-content/themes/uxpert/gfx/icons_arrow.svg]
[www.uxpert.com/wp-content/themes/uxpert/gfx/awards.svg]
[www.uxpert.com/wp-content/themes/uxpert/gfx/icons_arrow_tm.svg]
[www.uxpert.com/wp-content/themes/uxpert/gfx/icon_facebook.svg]
[www.uxpert.com/wp-content/themes/uxpert/gfx/icon_mail.svg]
[www.uxpert.com/wp-content/themes/uxpert/gfx/icon_linkedin.svg]
[www.uxpert.com/wp-content/themes/uxpert/gfx/icon-linkedin-active.svg]
[www.uxpert.com/wp-content/themes/uxpert/gfx/icon-facebook-active.svg]
[www.uxpert.com/wp-content/themes/uxpert/gfx/icon-email-active.svg]
[www.uxpert.com/wp-content/themes/uxpert/gfx/icons_arrow_sc_yellow.svg]
[www.uxpert.com/wp-content/themes/uxpert/gfx/top_icon.svg]
[www.uxpert.com/wp-content/themes/uxpert/gfx/team-arrow.svg]
[www.uxpert.com/wp-content/themes/uxpert/gfx/culture-arrows.svg]
[www.uxpert.com/wp-content/themes/uxpert/gfx/culture-arrow-in.svg]
[www.uxpert.com/wp-content/themes/uxpert/gfx/time.svg]
[www.uxpert.com/wp-content/themes/uxpert/gfx/jobs-arrow.svg]
[www.uxpert.com/wp-content/themes/uxpert/gfx/job-desc-icon.svg]
[www.uxpert.com/wp-content/themes/uxpert/gfx/share-icon.svg]
[www.uxpert.com/wp-content/themes/uxpert/gfx/zoom.svg]
[www.uxpert.com/wp-content/themes/uxpert/gfx/psik.svg]
[www.uxpert.com/wp-content/themes/uxpert/gfx/arrow-more.svg]
[www.uxpert.com/wp-content/themes/uxpert/gfx/form-delete.svg]
[www.uxpert.com/wp-content/themes/uxpert/gfx/close-window.svg]
[www.uxpert.com/wp-content/themes/uxpert/gfx/facebook.svg]
[www.uxpert.com/wp-content/themes/uxpert/gfx/linkedin.svg]
[www.uxpert.com/wp-content/themes/uxpert/gfx/twitter.svg]
[www.uxpert.com/wp-content/themes/uxpert/gfx/g497.svg]
[www.uxpert.com/wp-content/themes/uxpert/gfx/ham.svg]
[www.uxpert.com/wp-content/themes/uxpert/gfx/search-icon.svg]
[www.uxpert.com/wp-content/themes/uxpert/gfx/load-icon.svg]
[www.uxpert.com/wp-content/themes/uxpert/gfx/chevron.svg]
[www.uxpert.com/wp-content/themes/uxpert/gfx/like-active.svg]
[www.uxpert.com/wp-content/themes/uxpert/gfx/summary-icon.svg]
[www.uxpert.com/wp-content/cache/min/1/wp-content/themes/uxpert/styledc96.css]
[www.uxpert.com/xmlrpc.html]
[www.uxpert.com/index64f4.html]
[www.uxpert.com/wp-content/plugins/loftloader-pro/assets/css/loftloader.min3195.css]
[www.uxpert.com/wp-includes/css/dist/block-library/style.min32d4.css]
[www.uxpert.com/wp-content/cache/min/1/wp-content/plugins/contact-form-7/includes/css/stylesdc96.css]
[www.uxpert.com/wp-content/themes/uxpert/gfx/back-mobile.svg]
[www.uxpert.com/wp-content/plugins/wp-ulike/assets/img/svg/loader.svg]
[www.uxpert.com/wp-content/plugins/wp-ulike/assets/img/svg/like.svg]
[www.uxpert.com/wp-content/plugins/wp-ulike/assets/img/svg/love.svg]
[www.uxpert.com/wp-content/plugins/wp-ulike/assets/img/svg/info.svg]
[www.uxpert.com/wp-content/plugins/wp-ulike/assets/img/svg/success.svg]
[www.uxpert.com/wp-content/plugins/wp-ulike/assets/img/svg/error.svg]
[www.uxpert.com/wp-content/plugins/wp-ulike/assets/css/wp-ulike.min4f4a.css]
[www.uxpert.com/wp-content/plugins/add-to-any/addtoany.mind47c.css]
[www.uxpert.com/xmlrpc0db0.html]
[www.uxpert.com/wp-content/uploads/2020/05/Group_8.svg]
[www.uxpert.com/wp-content/plugins/wp-ulike/assets/img/svg/warning.svg]
[www.uxpert.com/about64f4.html]
[www.uxpert.com/wp-json/wp/v2/pages/106.json]
[www.uxpert.com/wp-json/oembed/1.0/embed6634.json]
[www.uxpert.com/wp-json/oembed/1.0/embede12e]
[www.uxpert.com/wp-content/uploads/2022/02/10-ניצן-אביטוב-הרצאה-ב-UXI.mp4]
[www.uxpert.com/wp-content/uploads/2024/08/Einat-UXI-Live-2024.mp4]
[www.uxpert.com/wp-content/uploads/2020/07/UXI-Live-Design-2020-10-Nitzan-Avitouv.mp4]
[www.uxpert.com/wp-content/uploads/2020/07/Nitzan-Dominos-Lecture-UXI-Live-2019.mp4]
[www.uxpert.com/wp-content/uploads/2020/07/D02L09-Aluma-Kushnir.mp4]
[www.uxpert.com/wp-content/uploads/2024/09/UXPERT-Athens-movie.mp4]
[www.uxpert.com/wp-content/uploads/2023/05/Budapest-Final-3.mp4]
[www.uxpert.com/wp-content/uploads/2022/06/UXPERT-BARCELONA-.mp4]
[www.uxpert.com/wp-content/uploads/2020/07/UXROME-2018.mp4]
[www.uxpert.com/wp-content/uploads/2023/08/3.qt]
[www.uxpert.com/wp-content/uploads/2025/09/shana_tova_2025.mp4]
[www.uxpert.com/wp-content/uploads/2025/04/Passover-2025.mp4]
[www.uxpert.com/wp-content/uploads/2024/10/1920_1080.mp4]
[www.uxpert.com/wp-content/uploads/2023/04/Passover-2023.mp4]
[www.uxpert.com/wp-content/uploads/2022/09/5-Shana-Tova.mp4]
[www.uxpert.com/wp-content/uploads/2022/04/pesach_2022.mp4]
[www.uxpert.com/wp-content/uploads/2021/09/Rosh-Hashana-2021.mp4]
[www.uxpert.com/wp-content/uploads/2021/03/Passover-2021-final.mp4]
[www.uxpert.com/wp-content/uploads/2021/01/Healthy-New-Year-2021.mp4]
[www.uxpert.com/wp-content/uploads/2020/09/shana_tova_2020_16.9.20_low_res.mp4]
[www.uxpert.com/wp-content/uploads/2020/07/Passover-2020.mp4]
[www.uxpert.com/wp-content/uploads/2020/07/Happy-new-Year-2019-TLV.mp4]
[www.uxpert.com/wp-content/uploads/2020/08/UXPert_v06.mp4]
[www.uxpert.com/wp-content/uploads/2020/08/shana_tova_2018-1.mp4]
[www.uxpert.com/wp-content/uploads/2020/08/פסח-שמח-uxpert.mp4]
[www.uxpert.com/wp-content/uploads/2020/08/UXpert_RoshHashana-2017.mp4]
[www.uxpert.com/wp-content/uploads/2020/08/Passover-2017.mp4]
[www.uxpert.com/wp-content/uploads/2020/08/UXpert-shana_tova-2016.mp4]
[www.uxpert.com/wp-content/uploads/2020/08/UXpert-Exit-2016.mp4]
[www.uxpert.com/wp-content/uploads/2021/09/Rosh-ha-Shana-2021.mp4]
[www.uxpert.com/wp-content/uploads/2020/11/9th-Anniversary_compressed2.mp4]
[www.uxpert.com/wp-content/uploads/2020/08/SmartTour-final.mp4]
[www.uxpert.com/wp-content/uploads/2020/08/VID-20180617-WA0020.mp4]
[www.uxpert.com/wp-content/uploads/2020/05/icons_Research_and_Strategy.svg]
[www.uxpert.com/wp-content/uploads/2020/07/Icon_User-Experience-Design.svg]
[www.uxpert.com/wp-content/uploads/2020/07/Icon_Visual-Design.svg]
[www.uxpert.com/wp-content/uploads/2020/07/Icon_Usability-Testing.svg]
[www.uxpert.com/wp-content/uploads/2020/07/nitzan_.svg]
[www.uxpert.com/wp-content/uploads/2020/07/adva_f.svg]
[www.uxpert.com/wp-content/uploads/2020/07/ofer_.svg]
[www.uxpert.com/wp-content/uploads/2020/07/einat_svg_2.svg]
[www.uxpert.com/wp-content/uploads/2020/07/dana_.svg]
[www.uxpert.com/wp-content/uploads/2020/07/maayan_s_.svg]
[www.uxpert.com/wp-content/uploads/2020/07/doron_.svg]
[www.uxpert.com/wp-content/uploads/2020/07/polina_.svg]
[www.uxpert.com/wp-content/uploads/2020/07/einat_s_.svg]
[www.uxpert.com/wp-content/uploads/2021/07/asaf_.svg]
[www.uxpert.com/wp-content/uploads/2021/07/liat.svg]
[www.uxpert.com/wp-content/uploads/2023/06/bar-2.svg]
[www.uxpert.com/wp-content/uploads/2021/07/alona.svg]
[www.uxpert.com/wp-content/uploads/2023/06/adi-2.svg]
[www.uxpert.com/wp-content/uploads/2023/06/limor-1.svg]
[www.uxpert.com/wp-content/uploads/2023/06/ofir.svg]
[www.uxpert.com/wp-content/uploads/2023/12/moran-1.svg]
[www.uxpert.com/wp-content/uploads/2023/12/Yossi-1.svg]
[www.uxpert.com/about.html]
[www.uxpert.com/wp-content/uploads/2023/12/Dvir.svg]
[www.uxpert.com/category/work-he64f4.html]
[www.uxpert.com/work/feed]
[www.uxpert.com/wp-json/wp/v2/categories/6.json]
[www.uxpert.com/work/philharmonic.html]
[www.uxpert.com/work/pension-clearinghouse.html]
[www.uxpert.com/work/pos/dominos-pos.html]
[www.uxpert.com/wp-content/uploads/2020/06/Group-17.svg]
[www.uxpert.com/work/apps/leumi-digital-account.html]
[www.uxpert.com/work/websites/gift-card-order.html]
[www.uxpert.com/work/websites/bestie-price-comparison.html]
[www.uxpert.com/work/websites/marpet.html]
[www.uxpert.com/work/b2b/bright-machines.html]
[www.uxpert.com/work/apps/rent-service-app.html]
[www.uxpert.com/work/9-insurance.html]
[www.uxpert.com/work/apps/leumit-healthcare-app.html]
[www.uxpert.com/work/isr-rail-ticketing.html]
[www.uxpert.com/work/websites/idi-order.html]
[www.uxpert.com/wp-content/uploads/2020/07/projects_logo_bituach_white.svg]
[www.uxpert.com/work/iaa-birds-app.html]
[www.uxpert.com/work/websites/fibi-marketing-site.html]
[www.uxpert.com/wp-content/uploads/2020/08/logo.svg]
[www.uxpert.com/work/videa-algo-trading.html]
[www.uxpert.com/work/websites/idi-insurance-marketing.html]
[www.uxpert.com/work/b2b/automated-assembly-line.html]
[www.uxpert.com/work/dominos-pickup-screen.html]
[www.uxpert.com/work/apps/idi-new-driver.html]
[www.uxpert.com/work/ripples-coffee-printing.html]
[www.uxpert.com/work/pos/fibi-new-atm.html]
[www.uxpert.com/work/apps/netafim-netmaize.html]
[www.uxpert.com/work/websites/leumi-digital-mortgage.html]
[www.uxpert.com/wp-content/uploads/2020/07/logo-leumi-1.svg]
[www.uxpert.com/work/b2b/imperva-counterbreach.html]
[www.uxpert.com/work/apps/security-shift-management.html]
[www.uxpert.com/work.html]
[www.uxpert.com/work/netapp-insight.html]
[www.uxpert.com/blog64f4.html]
[www.uxpert.com/wp-json/wp/v2/pages/6363.json]
[www.uxpert.com/wp-json/oembed/1.0/embed9753.json]
[www.uxpert.com/wp-json/oembed/1.0/embed3e62]
[www.uxpert.com/blog/best-designer.html]
[www.uxpert.com/wp-content/uploads/2025/07/fly1_.svg]
[www.uxpert.com/wp-content/uploads/2025/07/fly_.json]
[www.uxpert.com/tag/אפיון.html]
[www.uxpert.com/tag/עיצוב.html]
[www.uxpert.com/tag/קריירה.html]
[www.uxpert.com/blog/winning-portfolio.html]
[www.uxpert.com/wp-content/uploads/2025/07/portfolio_.json]
[www.uxpert.com/blog/change_process.html]
[www.uxpert.com/wp-content/uploads/2025/01/dominos_json.json]
[www.uxpert.com/tag/מחקר.html]
[www.uxpert.com/blog/attention.html]
[www.uxpert.com/wp-content/uploads/2024/11/Phone4.json]
[www.uxpert.com/tag/סיפור-מקרה.html]
[www.uxpert.com/blog/flights-table.html]
[www.uxpert.com/wp-content/uploads/2024/09/plane_no_bg_.json]
[www.uxpert.com/blog/multi-parameter-tables.html]
[www.uxpert.com/wp-content/uploads/2024/08/data_table_2.json]
[www.uxpert.com/blog/design-to-dev.html]
[www.uxpert.com/wp-content/uploads/2024/05/maayan_blog_.json]
[www.uxpert.com/tag/פיתוח.html]
[www.uxpert.com/blog/filters-on-complex-systems.html]
[www.uxpert.com/wp-content/uploads/2024/03/filter_fix_-1.json]
[www.uxpert.com/blog/pango.html]
[www.uxpert.com/wp-content/uploads/2024/02/pango_.json]
[www.uxpert.com/blog/design-emotions.html]
[www.uxpert.com/wp-content/uploads/2024/01/adi_6-6.json]
[www.uxpert.com/blog/dev-design.html]
[www.uxpert.com/wp-content/uploads/2024/01/develop.json]
[www.uxpert.com/blog/research-to-design.html]
[www.uxpert.com/wp-content/uploads/2023/11/train_.json]
[www.uxpert.com/blog/light-dark-mode.html]
[www.uxpert.com/wp-content/uploads/2023/11/black_white_-3.json]
[www.uxpert.com/blog/swiftness.html]
[www.uxpert.com/wp-content/uploads/2023/11/swift.json]
[www.uxpert.com/blog.html]
[www.uxpert.com/wp-content/uploads/2023/12/empty_space_2-1.svg]
[www.uxpert.com/join64f4.html]
[www.uxpert.com/wp-json/wp/v2/pages/108.json]
[www.uxpert.com/wp-json/oembed/1.0/embed55d1.json]
[www.uxpert.com/join.html]
[www.uxpert.com/wp-json/oembed/1.0/embed3b73]
[www.uxpert.com/contact64f4.html]
[www.uxpert.com/wp-json/wp/v2/pages/110.json]
[www.uxpert.com/wp-json/oembed/1.0/embed5b3b.json]
[www.uxpert.com/contact.html]
[www.uxpert.com/wp-content/uploads/2020/05/facebook.svg]
[www.uxpert.com/wp-content/uploads/2020/06/facebook_copy.svg]
[www.uxpert.com/wp-content/uploads/2020/07/instgram.svg]
[www.uxpert.com/wp-content/uploads/2020/07/hover.svg]
[www.uxpert.com/wp-content/uploads/2020/05/Combined_shape_275.svg]
[www.uxpert.com/wp-content/uploads/2020/06/Combined_shape_275_Copy.svg]
[www.uxpert.com/transparent.html]
[www.uxpert.com/wp-content/uploads/2020/08/Research-and-Strategy.svg]
[www.uxpert.com/wp-content/uploads/2020/08/User-Experience-Design.svg]
[www.uxpert.com/wp-content/uploads/2020/08/visual-design.svg]
[www.uxpert.com/wp-content/uploads/2020/08/usability-testing.svg]
[www.uxpert.com/wp-json/oembed/1.0/embedc439]
[www.uxpert.com/wp-json/wp/v2/posts/7941.json]
[www.uxpert.com/wp-json/oembed/1.0/embedd399.json]
[www.uxpert.com/wp-json/oembed/1.0/embed1bf5]
[www.uxpert.com/wp-content/uploads/2024/06/Dominos-Main.mp4]
[www.uxpert.com/wp-content/uploads/2024/06/Dominos-Meal-Order-Sequence-1.mp4]
[www.uxpert.com/wp-content/uploads/2024/06/Dominos-Add-Toppimg.mp4]
[www.uxpert.com/wp-content/uploads/2024/06/Dominos-Add-To-Cart.mp4]
[www.uxpert.com/wp-content/uploads/2024/06/Dominis-Roilette.mp4]
[www.uxpert.com/wp-content/uploads/2024/06/Dominos-Tracker.mp4]
[www.uxpert.com/wp-content/uploads/2024/06/dominos_animations_5.mp4]
[www.uxpert.com/work/pizza-online.html]
[www.uxpert.com/wp-content/uploads/2020/07/domino-s-pizza_owler_20191127_062227_original.svg]
[www.uxpert.com/wp-json/wp/v2/posts/3192.json]
[www.uxpert.com/wp-json/oembed/1.0/embeda1a8.json]
[www.uxpert.com/work/b2b/sealights-quality-intelligence.html]
[www.uxpert.com/wp-json/oembed/1.0/embed3849]
[www.uxpert.com/wp-json/wp/v2/posts/4256.json]
[www.uxpert.com/wp-json/oembed/1.0/embed2797.json]
[www.uxpert.com/wp-json/oembed/1.0/embed6b2c]
[www.uxpert.com/wp-content/uploads/2022/05/pango-cards-video.mp4]
[www.uxpert.com/wp-content/uploads/2022/05/on-street-parking.mp4]
[www.uxpert.com/wp-content/uploads/2022/05/fueling-mockup-1.mp4]
[www.uxpert.com/work/pango.html]
[www.uxpert.com/wp-json/wp/v2/posts/8925.json]
[www.uxpert.com/wp-json/oembed/1.0/embedfc5a.json]
[www.uxpert.com/work/nayax-core.html]
[www.uxpert.com/wp-json/oembed/1.0/embed6d13]
[www.uxpert.com/work/apps/isr-app64f4.html]
[www.uxpert.com/wp-json/wp/v2/posts/3993.json]
[www.uxpert.com/wp-json/oembed/1.0/embed9eda.json]
[www.uxpert.com/wp-json/oembed/1.0/embed9696]
[www.uxpert.com/wp-content/uploads/2022/02/UXPERT-Rail-App-ENG_v05.mp4]
[www.uxpert.com/wp-content/uploads/2022/02/first-time-2.mp4]
[www.uxpert.com/wp-content/uploads/2022/02/second-time2.mp4]
[www.uxpert.com/wp-content/uploads/2022/02/timedate2.mp4]
[www.uxpert.com/wp-content/uploads/2022/02/Route2.mp4]
[www.uxpert.com/work/apps/isr-app.html]
[www.uxpert.com/wp-content/uploads/2022/02/alert2.mp4]
[www.uxpert.com/wp-content/uploads/2024/02/pango-3.svg]
[www.uxpert.com/wp-content/uploads/2020/07/דומינוס.svg]
[www.uxpert.com/wp-content/uploads/2020/07/הבינלאומי.svg]
[www.uxpert.com/wp-content/uploads/2024/02/clal-2.svg]
[www.uxpert.com/wp-content/uploads/2020/05/בנק-לאומי.svg]
[www.uxpert.com/wp-content/uploads/2024/02/champion-motors-1.svg]
[www.uxpert.com/wp-content/uploads/2020/07/הרץ.svg]
[www.uxpert.com/wp-content/uploads/2020/07/רשת.svg]
[www.uxpert.com/wp-content/uploads/2024/02/bituah-yashir-1.svg]
[www.uxpert.com/wp-content/uploads/2020/07/רכבת.svg]
[www.uxpert.com/wp-content/uploads/2024/02/Phillharmonit-eng-2.svg]
[www.uxpert.com/wp-content/uploads/2024/02/superpharm-1.svg]
[www.uxpert.com/wp-content/uploads/2024/02/ima-1.svg]
[www.uxpert.com/wp-content/uploads/2020/08/max.svg]
[www.uxpert.com/wp-content/uploads/2020/07/לאומית.svg]
[www.uxpert.com/wp-content/uploads/2020/08/netapp.svg]
[www.uxpert.com/wp-content/uploads/2024/02/nayax-2.svg]
[www.uxpert.com/wp-content/uploads/2020/07/ripples.svg]
[www.uxpert.com/wp-content/uploads/2024/02/imperva.svg]
[www.uxpert.com/wp-content/uploads/2020/07/orbotech.svg]
[www.uxpert.com/wp-content/uploads/2024/02/sensos-1.svg]
[www.uxpert.com/wp-content/uploads/2024/02/rit-2.svg]
[www.uxpert.com/wp-content/uploads/2024/02/gigaspace-1.svg]
[www.uxpert.com/wp-content/uploads/2020/07/switchbee.svg]
[www.uxpert.com/wp-content/uploads/2024/02/one-city-1.svg]
[www.uxpert.com/wp-content/uploads/2020/07/continuity.svg]
[www.uxpert.com/wp-content/uploads/2020/07/bright-machines.svg]
[www.uxpert.com/wp-content/uploads/2020/07/game-effective.svg]
[www.uxpert.com/wp-content/uploads/2020/07/bird.svg]
[www.uxpert.com/wp-content/uploads/2020/07/personetics.svg]
[www.uxpert.com/wp-content/cache/min/1/wp-content/themes/uxpert/js/selectricdc96.css]
[www.uxpert.com/wp-content/cache/min/1/wp-content/themes/uxpert/js/animatedc96.css]
[www.uxpert.com/wp-content/cache/min/1/wp-content/themes/uxpert/js/slickdc96.css]
[www.uxpert.com/wp-content/themes/uxpert/gfx/Shape_9.svg]
[www.uxpert.com/wp-content/themes/uxpert/gfx/post-nav.svg]
[www.uxpert.com/wp-content/themes/uxpert/gfx/icons_share.svg]
[www.uxpert.com/wp-content/themes/uxpert/gfx/sound-bg.svg]
[www.uxpert.com/wp-content/themes/uxpert/gfx/close.svg]
[www.uxpert.com/wp-content/themes/uxpert/gfx/play.svg]
[www.uxpert.com/wp-content/themes/uxpert/gfx/pause.svg]
[www.uxpert.com/wp-content/themes/uxpert/gfx/icons_shape.svg]
[www.uxpert.com/wp-content/themes/uxpert/gfx/icons_arrow.svg]
[www.uxpert.com/wp-content/themes/uxpert/gfx/awards.svg]
[www.uxpert.com/wp-content/themes/uxpert/gfx/icons_arrow_tm.svg]
[www.uxpert.com/wp-content/themes/uxpert/gfx/icon_facebook.svg]
[www.uxpert.com/wp-content/themes/uxpert/gfx/icon_mail.svg]
[www.uxpert.com/wp-content/themes/uxpert/gfx/icon_linkedin.svg]
[www.uxpert.com/wp-content/themes/uxpert/gfx/icon-linkedin-active.svg]
[www.uxpert.com/wp-content/themes/uxpert/gfx/icon-facebook-active.svg]
[www.uxpert.com/wp-content/themes/uxpert/gfx/icon-email-active.svg]
[www.uxpert.com/wp-content/themes/uxpert/gfx/icons_arrow_sc_yellow.svg]
[www.uxpert.com/wp-content/themes/uxpert/gfx/top_icon.svg]
[www.uxpert.com/wp-content/themes/uxpert/gfx/team-arrow.svg]
[www.uxpert.com/wp-content/themes/uxpert/gfx/culture-arrows.svg]
[www.uxpert.com/wp-content/themes/uxpert/gfx/culture-arrow-in.svg]
[www.uxpert.com/wp-content/themes/uxpert/gfx/time.svg]
[www.uxpert.com/wp-content/themes/uxpert/gfx/jobs-arrow.svg]
[www.uxpert.com/wp-content/themes/uxpert/gfx/job-desc-icon.svg]
[www.uxpert.com/wp-content/themes/uxpert/gfx/share-icon.svg]
[www.uxpert.com/wp-content/themes/uxpert/gfx/zoom.svg]
[www.uxpert.com/wp-content/themes/uxpert/gfx/psik.svg]
[www.uxpert.com/wp-content/themes/uxpert/gfx/arrow-more.svg]
[www.uxpert.com/wp-content/themes/uxpert/gfx/form-delete.svg]
[www.uxpert.com/wp-content/themes/uxpert/gfx/close-window.svg]
[www.uxpert.com/wp-content/themes/uxpert/gfx/facebook.svg]
[www.uxpert.com/wp-content/themes/uxpert/gfx/linkedin.svg]
[www.uxpert.com/wp-content/themes/uxpert/gfx/twitter.svg]
[www.uxpert.com/wp-content/themes/uxpert/gfx/g497.svg]
[www.uxpert.com/wp-content/themes/uxpert/gfx/ham.svg]
[www.uxpert.com/wp-content/themes/uxpert/gfx/search-icon.svg]
[www.uxpert.com/wp-content/themes/uxpert/gfx/load-icon.svg]
[www.uxpert.com/wp-content/themes/uxpert/gfx/chevron.svg]
[www.uxpert.com/wp-content/themes/uxpert/gfx/like-active.svg]
[www.uxpert.com/wp-content/themes/uxpert/gfx/summary-icon.svg]
[www.uxpert.com/wp-content/themes/uxpert/gfx/back-mobile.svg]
[www.uxpert.com/wp-content/plugins/wp-ulike/assets/img/svg/loader.svg]
[www.uxpert.com/wp-content/plugins/wp-ulike/assets/img/svg/like.svg]
[www.uxpert.com/wp-content/plugins/wp-ulike/assets/img/svg/love.svg]
[www.uxpert.com/wp-content/plugins/wp-ulike/assets/img/svg/info.svg]
[www.uxpert.com/wp-content/plugins/wp-ulike/assets/img/svg/success.svg]
[www.uxpert.com/wp-content/plugins/wp-ulike/assets/img/svg/error.svg]
[www.uxpert.com/wp-content/plugins/wp-ulike/assets/img/svg/warning.svg]
[www.uxpert.com/wp-content/cache/min/1/wp-content/themes/uxpert/style-rtlbc1a.css]
[www.uxpert.com/wp-includes/css/dist/block-library/style-rtl.min32d4.css]
[www.uxpert.com/wp-content/cache/min/1/wp-content/plugins/contact-form-7/includes/css/styles-rtlbc1a.css]
[www.uxpert.com/wp-json/wp/v2/pages/6293.json]
[www.uxpert.com/wp-json/oembed/1.0/embed22f3.json]
[www.uxpert.com/wp-json/oembed/1.0/embed646a]
[www.uxpert.com/wp-content/uploads/2023/06/maya-2.svg]
[www.uxpert.com/wp-content/uploads/2020/07/lulu_.svg]
[www.uxpert.com/wp-content/uploads/2021/07/shani.svg]
[www.uxpert.com/about64f4.html]
[www.uxpert.com/index153d.html]
[www.uxpert.com/wp-content/uploads/2020/07/maayan_for_svg_2.svg]
[www.uxpert.com/wp-content/uploads/2020/05/icons_Research_and_Strategy.svg]
[www.uxpert.com/wp-content/uploads/2020/07/Icon_User-Experience-Design.svg]
[www.uxpert.com/wp-content/uploads/2020/07/Icon_Visual-Design.svg]
[www.uxpert.com/wp-content/uploads/2020/07/Icon_Usability-Testing.svg]
[www.uxpert.com/wp-content/uploads/2020/07/nitzan_.svg]
[www.uxpert.com/wp-content/uploads/2020/07/adva_f.svg]
[www.uxpert.com/wp-content/uploads/2020/07/ofer_.svg]
[www.uxpert.com/wp-content/uploads/2020/07/einat_svg_2.svg]
[www.uxpert.com/wp-content/uploads/2020/07/dana_.svg]
[www.uxpert.com/wp-content/uploads/2020/07/maayan_s_.svg]
[www.uxpert.com/wp-content/uploads/2020/07/doron_.svg]
[www.uxpert.com/wp-content/uploads/2020/07/polina_.svg]
[www.uxpert.com/wp-content/uploads/2020/07/einat_s_.svg]
[www.uxpert.com/wp-content/uploads/2021/07/asaf_.svg]
[www.uxpert.com/wp-content/uploads/2021/07/liat.svg]
[www.uxpert.com/wp-content/uploads/2023/06/bar-2.svg]
[www.uxpert.com/wp-content/uploads/2021/07/alona.svg]
[www.uxpert.com/wp-content/uploads/2023/06/adi-2.svg]
[www.uxpert.com/wp-content/uploads/2023/06/limor-1.svg]
[www.uxpert.com/wp-content/uploads/2023/06/ofir.svg]
[www.uxpert.com/wp-content/uploads/2023/12/moran-1.svg]
[www.uxpert.com/wp-content/uploads/2023/12/Yossi-1.svg]
[www.uxpert.com/wp-content/uploads/2023/12/Dvir.svg]
[www.uxpert.com/category/work-he9f2b.html]
[www.uxpert.com/category/work-he64f4.html]
[www.uxpert.com/wp-json/wp/v2/categories/39.json]
[www.uxpert.com/wp-json/wp/v2/posts/4847.json]
[www.uxpert.com/wp-json/oembed/1.0/embed1fde.json]
[www.uxpert.com/wp-json/oembed/1.0/embeda6d2]
[www.uxpert.com/wp-content/uploads/2023/06/Home-Page-new.qt]
[www.uxpert.com/wp-content/uploads/2023/06/קונצרט.mp4]
[www.uxpert.com/wp-content/uploads/2023/06/וידאו-נגנים-1270x1270-1.mp4]
[www.uxpert.com/work/philharmonic.html]
[www.uxpert.com/wp-json/wp/v2/posts/6910.json]
[www.uxpert.com/wp-json/oembed/1.0/embedc4cc.json]
[www.uxpert.com/work/pension-clearinghouse.html]
[www.uxpert.com/wp-json/oembed/1.0/embed5890]
[www.uxpert.com/wp-json/wp/v2/posts/162.json]
[www.uxpert.com/wp-json/oembed/1.0/embed5e90.json]
[www.uxpert.com/work/pos/dominos-pos.html]
[www.uxpert.com/wp-content/uploads/2020/06/Group-17.svg]
[www.uxpert.com/wp-json/oembed/1.0/embed1061]
[www.uxpert.com/wp-json/wp/v2/posts/345.json]
[www.uxpert.com/wp-json/oembed/1.0/embed3f29.json]
[www.uxpert.com/wp-json/oembed/1.0/embede40e]
[www.uxpert.com/wp-content/uploads/2020/07/acoount-opening-1-720.qt]
[www.uxpert.com/wp-content/uploads/2020/07/account-opening-2-720.qt]
[www.uxpert.com/wp-content/uploads/2020/07/Leumi-User-Feedback.mp4]
[www.uxpert.com/work/apps/leumi-digital-account.html]
[www.uxpert.com/wp-json/wp/v2/posts/2753.json]
[www.uxpert.com/wp-json/oembed/1.0/embedee6b.json]
[www.uxpert.com/wp-json/oembed/1.0/embed105c]
[www.uxpert.com/wp-content/uploads/2020/08/gift-card-website-1-720.qt]
[www.uxpert.com/wp-content/uploads/2020/09/gift-card-web-2-big-720.qt]
[www.uxpert.com/work/websites/gift-card-order.html]
[www.uxpert.com/wp-json/wp/v2/posts/4690.json]
[www.uxpert.com/wp-json/oembed/1.0/embed7642.json]
[www.uxpert.com/wp-json/oembed/1.0/embed5c22]
[www.uxpert.com/wp-content/uploads/2023/02/Swipe.mp4]
[www.uxpert.com/wp-content/uploads/2023/02/Scroll.mp4]
[www.uxpert.com/wp-content/uploads/2023/02/Discount.mp4]
[www.uxpert.com/work/websites/bestie-price-comparison.html]
[www.uxpert.com/wp-content/uploads/2023/02/סרטון-דסקטופ-השוואת-מחירים-ניצן.qt]
[www.uxpert.com/wp-json/wp/v2/posts/4508.json]
[www.uxpert.com/wp-json/oembed/1.0/embeda6ef.json]
[www.uxpert.com/wp-json/oembed/1.0/embed4594]
[www.uxpert.com/wp-content/uploads/2022/09/Homepage-SMALLER.mp4]
[www.uxpert.com/wp-content/uploads/2022/09/LOW-תהליך-הצטרפות-.qt]
[www.uxpert.com/wp-content/uploads/2022/09/mobile-screen.mp4]
[www.uxpert.com/work/websites/marpet.html]
[www.uxpert.com/wp-json/wp/v2/posts/3175.json]
[www.uxpert.com/wp-json/oembed/1.0/embeda2fb.json]
[www.uxpert.com/work/b2b/bright-machines.html]
[www.uxpert.com/wp-json/oembed/1.0/embed91e4]
[www.uxpert.com/wp-json/wp/v2/posts/4576.json]
[www.uxpert.com/wp-json/oembed/1.0/embede2d0.json]
[www.uxpert.com/wp-json/oembed/1.0/embed48c2]
[www.uxpert.com/wp-content/uploads/2022/10/Sequence-01.mp4]
[www.uxpert.com/wp-content/uploads/2022/10/Hertz-SMALL-mobile-video_1.mp4]
[www.uxpert.com/work/apps/rent-service-app.html]
[www.uxpert.com/wp-json/wp/v2/posts/4079.json]
[www.uxpert.com/wp-json/oembed/1.0/embed8929.json]
[www.uxpert.com/wp-json/oembed/1.0/embeddee1]
[www.uxpert.com/wp-content/uploads/2022/04/9_udix2_big-screen-1.mp4]
[www.uxpert.com/wp-content/uploads/2022/04/brushes-animation_2.mp4]
[www.uxpert.com/wp-content/uploads/2022/04/icon-animation_9_square-1.mp4]
[www.uxpert.com/work/9-insurance.html]
[www.uxpert.com/wp-json/wp/v2/posts/3796.json]
[www.uxpert.com/wp-json/oembed/1.0/embed9a05.json]
[www.uxpert.com/work/apps/leumit-healthcare-app.html]
[www.uxpert.com/wp-json/oembed/1.0/embed4b09]
[www.uxpert.com/wp-json/wp/v2/posts/2851.json]
[www.uxpert.com/wp-json/oembed/1.0/embedb0e2.json]
[www.uxpert.com/wp-json/oembed/1.0/embed0847]
[www.uxpert.com/wp-content/uploads/2020/08/ISR-Welcome.qt]
[www.uxpert.com/wp-content/uploads/2020/08/ISR-map.qt]
[www.uxpert.com/wp-content/uploads/2020/08/ISR-cash.qt]
[www.uxpert.com/wp-content/uploads/2020/08/ISR-Validator.mp4]
[www.uxpert.com/work/isr-rail-ticketing.html]
[www.uxpert.com/wp-json/wp/v2/posts/49.json]
[www.uxpert.com/wp-json/oembed/1.0/embed24a5.json]
[www.uxpert.com/wp-json/oembed/1.0/embed8404]
[www.uxpert.com/work/websites/idi-order.html]
[www.uxpert.com/wp-content/uploads/2020/05/home-insurance-slider-720.qt]
[www.uxpert.com/wp-content/uploads/2020/07/projects_logo_bituach_white.svg]
[www.uxpert.com/wp-json/wp/v2/posts/5079.json]
[www.uxpert.com/wp-json/oembed/1.0/embed8d36.json]
[www.uxpert.com/work/iaa-birds-app.html]
[www.uxpert.com/wp-json/oembed/1.0/embed2b2d]
[www.uxpert.com/wp-json/wp/v2/posts/3362.json]
[www.uxpert.com/wp-json/oembed/1.0/embed95b0.json]
[www.uxpert.com/wp-json/oembed/1.0/embed3e84]
[www.uxpert.com/wp-content/uploads/2020/09/1movie_compressed.mp4]
[www.uxpert.com/wp-content/uploads/2020/09/cinemagarph_compreesed.mp4]
[www.uxpert.com/work/websites/fibi-marketing-site.html]
[www.uxpert.com/wp-content/uploads/2020/08/logo.svg]
[www.uxpert.com/wp-content/uploads/2020/08/logo_fibi_testemonials.svg]
[www.uxpert.com/wp-json/wp/v2/posts/1675.json]
[www.uxpert.com/wp-json/oembed/1.0/embed37e9.json]
[www.uxpert.com/work/videa-algo-trading.html]
[www.uxpert.com/wp-json/oembed/1.0/embed413c]
[www.uxpert.com/wp-json/wp/v2/posts/2058.json]
[www.uxpert.com/wp-json/oembed/1.0/embed8b63.json]
[www.uxpert.com/wp-json/oembed/1.0/embed9634]
[www.uxpert.com/wp-content/uploads/2020/08/New-site-video-short.mp4]
[www.uxpert.com/work/websites/idi-insurance-marketing.html]
[www.uxpert.com/wp-content/uploads/2020/05/logo-555.svg]
[www.uxpert.com/wp-json/wp/v2/posts/4561.json]
[www.uxpert.com/wp-json/oembed/1.0/embedf244.json]
[www.uxpert.com/work/b2b/automated-assembly-line.html]
[www.uxpert.com/wp-json/oembed/1.0/embed021f]
[www.uxpert.com/wp-json/wp/v2/posts/3283.json]
[www.uxpert.com/wp-json/oembed/1.0/embedccd9.json]
[www.uxpert.com/wp-json/oembed/1.0/embed6051]
[www.uxpert.com/wp-content/uploads/2020/09/wall-flat.qt]
[www.uxpert.com/wp-content/uploads/2020/09/good-card.qt]
[www.uxpert.com/work/dominos-pickup-screen.html]
[www.uxpert.com/wp-json/wp/v2/posts/847.json]
[www.uxpert.com/wp-json/oembed/1.0/embed141b.json]
[www.uxpert.com/wp-json/oembed/1.0/embed62e9]
[www.uxpert.com/wp-content/uploads/2020/07/intro-720.qt]
[www.uxpert.com/wp-content/uploads/2020/07/home-720.qt]
[www.uxpert.com/work/apps/idi-new-driver.html]
[www.uxpert.com/wp-json/wp/v2/posts/4115.json]
[www.uxpert.com/wp-json/oembed/1.0/embedb0a2.json]
[www.uxpert.com/wp-json/oembed/1.0/embedca9e]
[www.uxpert.com/wp-content/uploads/2022/04/RPReplay_Final1652156080.qt]
[www.uxpert.com/wp-content/uploads/2022/04/Paper-on-Glass-GIF2-1.mp4]
[www.uxpert.com/wp-content/uploads/2022/04/FIXED-Insert-POD-animation-for-web.mp4]
[www.uxpert.com/work/ripples-coffee-printing.html]
[www.uxpert.com/wp-json/wp/v2/posts/2623.json]
[www.uxpert.com/wp-json/oembed/1.0/embedffd8.json]
[www.uxpert.com/wp-json/oembed/1.0/embede25b]
[www.uxpert.com/work/pos/fibi-new-atm.html]
[www.uxpert.com/wp-content/uploads/2020/08/movie.mp4]
[www.uxpert.com/wp-json/wp/v2/posts/163.json]
[www.uxpert.com/wp-json/oembed/1.0/embed8a40.json]
[www.uxpert.com/work/apps/netafim-netmaize.html]
[www.uxpert.com/wp-json/oembed/1.0/embeda368]
[www.uxpert.com/wp-json/wp/v2/posts/1740.json]
[www.uxpert.com/wp-json/oembed/1.0/embed26f2.json]
[www.uxpert.com/wp-json/oembed/1.0/embededfe]
[www.uxpert.com/work/websites/leumi-digital-mortgage.html]
[www.uxpert.com/wp-content/uploads/2020/08/mortage_3.mp4]
[www.uxpert.com/wp-content/uploads/2020/07/logo-leumi-1.svg]
[www.uxpert.com/wp-json/wp/v2/posts/3309.json]
[www.uxpert.com/wp-json/oembed/1.0/embed2163.json]
[www.uxpert.com/work/b2b/imperva-counterbreach.html]
[www.uxpert.com/wp-json/oembed/1.0/embed8783]
[www.uxpert.com/wp-json/wp/v2/posts/2164.json]
[www.uxpert.com/wp-json/oembed/1.0/embed997f.json]
[www.uxpert.com/work/apps/security-shift-management.html]
[www.uxpert.com/wp-json/oembed/1.0/embed3043]
[www.uxpert.com/wp-json/wp/v2/posts/5021.json]
[www.uxpert.com/wp-json/oembed/1.0/embedd109.json]
[www.uxpert.com/work/netapp-insight.html]
[www.uxpert.com/wp-json/oembed/1.0/embed80fa]
[www.uxpert.com/wp-json/wp/v2/pages/7445.json]
[www.uxpert.com/wp-json/oembed/1.0/embedaf45.json]
[www.uxpert.com/blog64f4.html]
[www.uxpert.com/index4b47.html]
[www.uxpert.com/wp-json/oembed/1.0/embed6e9f]
[www.uxpert.com/wp-json/oembed/1.0/embede4da.json]
[www.uxpert.com/wp-json/oembed/1.0/embed3816]
[www.uxpert.com/blog05fd.html]
[www.uxpert.com/blog/transparent]
[www.uxpert.com/wp-content/uploads/2023/11/Vector-91.svg]
[www.uxpert.com/wp-content/uploads/2024/12/Vector-19.svg]
[www.uxpert.com/wp-content/uploads/2024/12/Vector-20.svg]
[www.uxpert.com/wp-content/uploads/2024/12/05.instagram.svg]
[www.uxpert.com/wp-content/cache/min/1/wp-content/themes/uxpert/js/scrollgress3492.js]
[www.uxpert.com/blog/best-designer.html]
[www.uxpert.com/wp-content/uploads/2025/07/fly1_.svg]
[www.uxpert.com/tag/אפיון/feed]
[www.uxpert.com/wp-json/wp/v2/tags/30.json]
[www.uxpert.com/tag/transparent]
[www.uxpert.com/tag/אפיון.html]
[www.uxpert.com/tag/עיצוב/feed]
[www.uxpert.com/tag/עיצוב.html]
[www.uxpert.com/wp-json/wp/v2/tags/29.json]
[www.uxpert.com/tag/קריירה/feed]
[www.uxpert.com/tag/קריירה.html]
[www.uxpert.com/wp-json/wp/v2/tags/37.json]
[www.uxpert.com/wp-json/oembed/1.0/embed4fff.json]
[www.uxpert.com/blog/winning-portfolio.html]
[www.uxpert.com/wp-json/oembed/1.0/embed21cd]
[www.uxpert.com/wp-json/oembed/1.0/embed5608.json]
[www.uxpert.com/wp-json/oembed/1.0/embedc0d6]
[www.uxpert.com/wp-content/uploads/2023/12/social-media-2.svg]
[www.uxpert.com/blog/change_process.html]
[www.uxpert.com/wp-content/uploads/2023/12/Vector-93.svg]
[www.uxpert.com/tag/מחקר/feed]
[www.uxpert.com/tag/מחקר.html]
[www.uxpert.com/wp-json/wp/v2/tags/36.json]
[www.uxpert.com/wp-json/oembed/1.0/embed43e8.json]
[www.uxpert.com/wp-json/oembed/1.0/embed9767]
[www.uxpert.com/blog/attention.html]
[www.uxpert.com/wp-content/uploads/2024/11/Man-Browsing-Facebook-Video.mp4]
[www.uxpert.com/tag/סיפור-מקרה/feed]
[www.uxpert.com/tag/סיפור-מקרה.html]
[www.uxpert.com/wp-json/wp/v2/tags/38.json]
[www.uxpert.com/wp-json/oembed/1.0/embed4ad9.json]
[www.uxpert.com/wp-json/oembed/1.0/embed7a3e]
[www.uxpert.com/about5077.html]
[www.uxpert.com/blog/flights-table.html]
[www.uxpert.com/wp-content/uploads/2024/09/Flight-Board.mp4]
[www.uxpert.com/wp-json/oembed/1.0/embedf0a1.json]
[www.uxpert.com/wp-json/oembed/1.0/embed1128]
[www.uxpert.com/wp-content/uploads/2024/08/Normal-scroll.qt]
[www.uxpert.com/wp-content/uploads/2024/08/Screen-Recording-2024-08-16-at-11.36.35.qt]
[www.uxpert.com/wp-content/uploads/2024/08/Tabs-1.qt]
[www.uxpert.com/wp-content/uploads/2024/08/Trancate1.qt]
[www.uxpert.com/wp-content/uploads/2024/08/Blade-1.qt]
[www.uxpert.com/blog/multi-parameter-tables.html]
[www.uxpert.com/wp-content/uploads/2024/08/expanded.qt]
[www.uxpert.com/wp-json/oembed/1.0/embed9059.json]
[www.uxpert.com/wp-json/oembed/1.0/embedc3b1]
[www.uxpert.com/blog/design-to-dev.html]
[www.uxpert.com/wp-content/uploads/2024/05/סרטון-13.5.24.mp4]
[www.uxpert.com/tag/פיתוח/feed]
[www.uxpert.com/tag/פיתוח.html]
[www.uxpert.com/wp-json/wp/v2/tags/31.json]
[www.uxpert.com/wp-json/oembed/1.0/embedba14.json]
[www.uxpert.com/wp-json/oembed/1.0/embeda37b]
[www.uxpert.com/blog/filters-on-complex-systems.html]
[www.uxpert.com/wp-content/uploads/2024/03/filter_fix_.json]
[www.uxpert.com/wp-json/oembed/1.0/embed4857.json]
[www.uxpert.com/blog/pango.html]
[www.uxpert.com/wp-json/oembed/1.0/embed630f]
[www.uxpert.com/wp-json/oembed/1.0/embeda8c1.json]
[www.uxpert.com/blog/design-emotions.html]
[www.uxpert.com/wp-json/oembed/1.0/embed8335]
[www.uxpert.com/wp-json/oembed/1.0/embed2d3e.json]
[www.uxpert.com/blog/dev-design.html]
[www.uxpert.com/wp-json/oembed/1.0/embedc15c]
[www.uxpert.com/wp-json/oembed/1.0/embeda4c7.json]
[www.uxpert.com/blog/research-to-design.html]
[www.uxpert.com/wp-json/oembed/1.0/embedf429]
[www.uxpert.com/wp-json/oembed/1.0/embed9fbf.json]
[www.uxpert.com/blog/light-dark-mode.html]
[www.uxpert.com/wp-json/oembed/1.0/embed048c]
[www.uxpert.com/wp-json/oembed/1.0/embed2663.json]
[www.uxpert.com/blog/swiftness.html]
[www.uxpert.com/wp-content/uploads/2023/12/empty_space_2-1.svg]
[www.uxpert.com/wp-json/oembed/1.0/embedaf4e]
[www.uxpert.com/wp-json/wp/v2/pages/6294.json]
[www.uxpert.com/wp-json/oembed/1.0/embedf6b1.json]
[www.uxpert.com/join64f4.html]
[www.uxpert.com/index460d.html]
[www.uxpert.com/wp-json/oembed/1.0/embeddedf]
[www.uxpert.com/wp-json/wp/v2/pages/6295.json]
[www.uxpert.com/wp-json/oembed/1.0/embed7f85.json]
[www.uxpert.com/contact64f4.html]
[www.uxpert.com/index5f87.html]
[www.uxpert.com/wp-json/oembed/1.0/embed6729]
[www.uxpert.com/index2351.html]
[www.uxpert.com/wp-content/uploads/2020/07/domino-s-pizza_owler_20191127_062227_original.svg]
[www.uxpert.com/index89ee.html]
[www.uxpert.com/indexe08e.html]
[www.uxpert.com/work/pizza-online2351.html]
[www.uxpert.com/index30c3.html]
[www.uxpert.com/work/nayax-core30c3.html]
[www.uxpert.com/wp-json/wp/v2/posts/7451.json]
[www.uxpert.com/wp-json/oembed/1.0/embed0079.json]
[www.uxpert.com/work/apps/isr-app64f4.html]
[www.uxpert.com/wp-json/oembed/1.0/embed3497]
[www.uxpert.com/index9f49.html]
[www.uxpert.com/wp-content/cache/min/1/wp-content/themes/uxpert/style-rtlbc1a.css]
[www.uxpert.com/wp-includes/css/dist/block-library/style-rtl.min32d4.css]
[www.uxpert.com/wp-content/cache/min/1/wp-content/plugins/contact-form-7/includes/css/styles-rtlbc1a.css]
[www.uxpert.com/indexb036.html]
[www.uxpert.com/wp-content/uploads/2023/06/maya-2.svg]
[www.uxpert.com/wp-content/uploads/2020/07/lulu_.svg]
[www.uxpert.com/wp-content/uploads/2021/07/shani.svg]
[www.uxpert.com/wp-content/uploads/2020/07/maayan_for_svg_2.svg]
[www.uxpert.com/category/work-he9f2b.html]
[www.uxpert.com/index1fea.html]
[www.uxpert.com/index12c3.html]
[www.uxpert.com/work/apps/isr-app9f49.html]
[www.uxpert.com/indexbbc7.html]
[www.uxpert.com/index50ca.html]
[www.uxpert.com/index9178.html]
[www.uxpert.com/work/pos/dominos-posbbc7.html]
[www.uxpert.com/index900c.html]
[www.uxpert.com/indexa5dd.html]
[www.uxpert.com/work/websites/bestie-price-comparison900c.html]
[www.uxpert.com/indexe0de.html]
[www.uxpert.com/index1ed1.html]
[www.uxpert.com/index350f.html]
[www.uxpert.com/index33f1.html]
[www.uxpert.com/index847c.html]
[www.uxpert.com/index0012.html]
[www.uxpert.com/indexb8f8.html]
[www.uxpert.com/index6c1f.html]
[www.uxpert.com/wp-content/uploads/2020/08/logo_fibi_testemonials.svg]
[www.uxpert.com/index4d02.html]
[www.uxpert.com/indexb0e0.html]
[www.uxpert.com/wp-content/uploads/2020/05/logo-555.svg]
[www.uxpert.com/work/b2b/bright-machinese0de.html]
[www.uxpert.com/indexb75a.html]
[www.uxpert.com/index539e.html]
[www.uxpert.com/indexdabb.html]
[www.uxpert.com/index245a.html]
[www.uxpert.com/indexcb84.html]
[www.uxpert.com/index4034.html]
[www.uxpert.com/index76e1.html]
[www.uxpert.com/index266e.html]
[www.uxpert.com/indexc63a.html]
[www.uxpert.com/work/b2b/automated-assembly-lineb75a.html]
[www.uxpert.com/index4c33.html]
[www.uxpert.com/index9831.html]
[www.uxpert.com/indexe636.html]
[www.uxpert.com/blog05fd.html]
[www.uxpert.com/blog/transparent.html]
[www.uxpert.com/wp-content/uploads/2023/11/Vector-91.svg]
[www.uxpert.com/wp-content/uploads/2024/12/Vector-19.svg]
[www.uxpert.com/wp-content/uploads/2024/12/Vector-20.svg]
[www.uxpert.com/wp-content/uploads/2024/12/05.instagram.svg]
[www.uxpert.com/tag/transparent.html]
[www.uxpert.com/index0c47.html]
[www.uxpert.com/indexb492.html]
[www.uxpert.com/wp-content/uploads/2023/12/social-media-2.svg]
[www.uxpert.com/wp-content/uploads/2023/12/Vector-93.svg]
[www.uxpert.com/index6f90.html]
[www.uxpert.com/indexb4bb.html]
[www.uxpert.com/work/netapp-insight4c33.html]
[www.uxpert.com/wp-content/themes/uxpert/stylee5ea.css]
[www.uxpert.com/wp-content/plugins/contact-form-7/includes/css/styles6fb3.css]
[www.uxpert.com/wp-content/plugins/sitepress-multilingual-cms/res/js/cookies/language-cookie0e1f.js]
[www.uxpert.com/wp-content/themes/uxpert/js/jquery-1.9.132d4.js]
[www.uxpert.com/wp-content/themes/uxpert/js/wow.js]
[www.uxpert.com/wp-content/themes/uxpert/js/lottie-player.js]
[www.uxpert.com/wp-content/themes/uxpert/js/isotope.pkgd.js]
[www.uxpert.com/wp-content/themes/uxpert/js/jquery.selectric.js]
[www.uxpert.com/wp-content/themes/uxpert/js/selectric.css]
[www.uxpert.com/wp-content/themes/uxpert/js/sticky-sidebar.js]
[www.uxpert.com/wp-content/themes/uxpert/js/stickeme209.js]
[www.uxpert.com/wp-content/themes/uxpert/js/animate.css]
[www.uxpert.com/wp-content/themes/uxpert/js/slick.css]
[www.uxpert.com/wp-content/plugins/contact-form-7/includes/swv/js/index6fb3.js]
[www.uxpert.com/wp-content/plugins/contact-form-7/includes/js/index6fb3.js]
[www.uxpert.com/about5077.html]
[www.uxpert.com/indexbee8.html]
[www.uxpert.com/index599a.html]
[www.uxpert.com/indexd934.html]
[www.uxpert.com/index3f61.html]
[www.uxpert.com/indexca4d.html]
[www.uxpert.com/index87d7.html]
[www.uxpert.com/index950e.html]
[www.uxpert.com/indexf070.html]
[www.uxpert.com/index11d3.html]
[www.uxpert.com/indexd01b.html]
[www.uxpert.com/index9139.html]
[www.uxpert.com/work/pizza-online2351.html]
[www.uxpert.com/work/nayax-core30c3.html]
[www.uxpert.com/wp-content/plugins/contact-form-7/modules/recaptcha/index6fb3.js]
[www.uxpert.com/index3b7c.html]
[www.uxpert.com/work/apps/isr-app9f49.html]
[www.uxpert.com/work/pos/dominos-posbbc7.html]
[www.uxpert.com/work/websites/bestie-price-comparison900c.html]
[www.uxpert.com/work/b2b/bright-machinese0de.html]
[www.uxpert.com/work/b2b/automated-assembly-lineb75a.html]
[www.uxpert.com/work/netapp-insight4c33.html]
[www.uxpert.com/wp-content/themes/uxpert/stylee5ea.css]
[www.uxpert.com/wp-content/plugins/contact-form-7/includes/css/styles6fb3.css]
[www.uxpert.com/wp-content/themes/uxpert/js/selectric.css]
[www.uxpert.com/wp-content/themes/uxpert/js/animate.css]
[www.uxpert.com/wp-content/themes/uxpert/js/slick.css]
[www.uxpert.com/work/apps/isr-appacc5.html]
[www.uxpert.com/work/apps/isr-appacc5.html]
